NOTE: 프로시저 PRINTTO 실행 (총 프로세스 시간):
      실행 시간           0.00 초
      cpu 시간            0.00 초
      

NOTE: SCAMLENS_STAGE=03_roc SAS_VERSION=V.04.00M0P021224 DATE=18SEP2026 TIME=05:53

    SAS (r) Proprietary Software Release V.04.00  TS1M0

 ENCODING=UTF8     Specifies the default character-set encoding for the SAS session.
NOTE: 프로시저 OPTIONS 실행 (총 프로세스 시간):
      실행 시간           0.00 초
      cpu 시간            0.00 초
      

NOTE: HTML Body 파일 기록 중: 03_roc.html

NOTE: 2317개의 관측값을 데이터셋 WORK.TEST_SCORED.에서 읽었습니다.
      WHERE split='test';
NOTE: 데이터셋 WORK.ROC_COMPARISON에 2317개의 관측값과 29개의 변수가 있습니다.
NOTE: DATA 문장 실행 (총 프로세스 시간):
      실행 시간           0.00 초
      cpu 시간            0.00 초
      


NOTE: 2317개의 관측값을 데이터셋 WORK.ROC_COMPARISON.에서 읽었습니다.
NOTE: DATA 문장 실행 (총 프로세스 시간):
      실행 시간           0.00 초
      cpu 시간            0.00 초
      

30                                                         SAS 시스템      2026년  9월 18일 금요일 오전 01시 59분 17초


NOTE: 2317개의 관측값을 데이터셋 WORK.ROC_COMPARISON.에서 읽었습니다.
NOTE: DATA 문장 실행 (총 프로세스 시간):
      실행 시간           0.00 초
      cpu 시간            0.00 초
      


NOTE: No explanatory variables have been specified.
NOTE: The NOFIT option is specified.  No parameters are estimated and all other MODEL statement options (except EQUALSLOPES, FIRTH, 
      LINK=, NOINT, OFFSET=, TECHNIQUE=, and UNEQUALSLOPES) are ignored.
NOTE: PROC LOGISTIC is modeling the probability that target='1'.
NOTE: 데이터셋 WORK.ROC_DIFFERENCE_ALL에 3개의 관측값과 7개의 변수가 있습니다.
NOTE: 데이터셋 WORK.ROC_AUC_ALL에 3개의 관측값과 8개의 변수가 있습니다.
NOTE: 2317개의 관측값을 데이터셋 WORK.ROC_COMPARISON.에서 읽었습니다.
      WHERE 1 /* an obviously TRUE WHERE clause */ ;
NOTE: LOGISTIC 프로시저가 68-69 페이지를 인쇄했습니다.
NOTE: 프로시저 LOGISTIC 실행 (총 프로세스 시간):
      실행 시간           1.87 초
      cpu 시간            1.08 초
      


NOTE: No explanatory variables have been specified.
NOTE: The NOFIT option is specified.  No parameters are estimated and all other MODEL statement options (except EQUALSLOPES, FIRTH, 
      LINK=, NOINT, OFFSET=, TECHNIQUE=, and UNEQUALSLOPES) are ignored.
NOTE: PROC LOGISTIC is modeling the probability that target='1'.
NOTE: 데이터셋 WORK.ROC_DIFFERENCE_URL에 3개의 관측값과 7개의 변수가 있습니다.
NOTE: 데이터셋 WORK.ROC_AUC_URL에 3개의 관측값과 8개의 변수가 있습니다.
NOTE: 896개의 관측값을 데이터셋 WORK.ROC_COMPARISON.에서 읽었습니다.
      WHERE has_url=1;
NOTE: LOGISTIC 프로시저가 70-71 페이지를 인쇄했습니다.
NOTE: 프로시저 LOGISTIC 실행 (총 프로세스 시간):
      실행 시간           1.04 초
      cpu 시간            0.60 초
      


NOTE: 1421개의 관측값을 데이터셋 WORK.ROC_COMPARISON.에서 읽었습니다.
      WHERE has_url=0;
NOTE: DATA 문장 실행 (총 프로세스 시간):
      실행 시간           0.00 초
      cpu 시간            0.00 초
      


NOTE: No explanatory variables have been specified.
NOTE: The NOFIT option is specified.  No parameters are estimated and all other MODEL statement options (except EQUALSLOPES, FIRTH, 
      LINK=, NOINT, OFFSET=, TECHNIQUE=, and UNEQUALSLOPES) are ignored.
NOTE: PROC LOGISTIC is modeling the probability that target='1'.
NOTE: 1421개의 관측값을 데이터셋 WORK.ROC_COMPARISON.에서 읽었습니다.
      WHERE has_url=0;
NOTE: LOGISTIC 프로시저가 72 페이지를 인쇄했습니다.
NOTE: 프로시저 LOGISTIC 실행 (총 프로세스 시간):
      실행 시간           1.04 초
      cpu 시간            0.59 초
      

