NOTE: 프로시저 PRINTTO 실행 (총 프로세스 시간):
      실행 시간           0.00 초
      cpu 시간            0.00 초
      

NOTE: SCAMLENS_STAGE=05_visuals SAS_VERSION=V.04.00M0P021224 DATE=18SEP2026 TIME=05:53

    SAS (r) Proprietary Software Release V.04.00  TS1M0

 ENCODING=UTF8     Specifies the default character-set encoding for the SAS session.
NOTE: 프로시저 OPTIONS 실행 (총 프로세스 시간):
34                                                         SAS 시스템      2026년  9월 18일 금요일 오전 01시 59분 24초

      실행 시간           0.00 초
      cpu 시간            0.00 초
      

NOTE: HTML Body 파일 기록 중: 05_visuals.html
NOTE: Table WORK.FPR_BY_URL created, with 2 rows and 3 columns.

NOTE: 프로시저 SQL 실행 (총 프로세스 시간):
      실행 시간           0.00 초
      cpu 시간            0.00 초
      


NOTE: 프로시저 SGPLOT 실행 (총 프로세스 시간):
      실행 시간           0.19 초
      cpu 시간            0.13 초
      
NOTE: 이미지 출력 리스팅이 
      /opt/sas/viya/config/var/tmp/compsrv/default/04ee8070-d54a-4535-b462-e3946f5f09eb/SAS_work5D21000001EB_sas-compute-server-2b47
      3bef-58e9-4c87-8086-f8861afdcf8a-85/SGPlot6.png에 작성되었습니다.
NOTE: 2개의 관측값을 데이터셋 WORK.FPR_BY_URL.에서 읽었습니다.

NOTE: Table WORK.FNR_BY_URL created, with 2 rows and 3 columns.

NOTE: 프로시저 SQL 실행 (총 프로세스 시간):
      실행 시간           0.00 초
      cpu 시간            0.00 초
      


NOTE: 프로시저 SGPLOT 실행 (총 프로세스 시간):
      실행 시간           0.17 초
      cpu 시간            0.10 초
      
NOTE: 이미지 출력 리스팅이 
      /opt/sas/viya/config/var/tmp/compsrv/default/04ee8070-d54a-4535-b462-e3946f5f09eb/SAS_work5D21000001EB_sas-compute-server-2b47
      3bef-58e9-4c87-8086-f8861afdcf8a-85/SGPlot8.png에 작성되었습니다.
NOTE: 2개의 관측값을 데이터셋 WORK.FNR_BY_URL.에서 읽었습니다.


NOTE: 2317개의 관측값을 데이터셋 WORK.SCORES.에서 읽었습니다.
      WHERE split='test';
NOTE: 데이터셋 WORK.DIST에 2317개의 관측값과 23개의 변수가 있습니다.
NOTE: DATA 문장 실행 (총 프로세스 시간):
      실행 시간           0.00 초
      cpu 시간            0.01 초
      


NOTE: 프로시저 SGPLOT 실행 (총 프로세스 시간):
      실행 시간           0.21 초
      cpu 시간            0.12 초
      
NOTE: 이미지 출력 리스팅이 
      /opt/sas/viya/config/var/tmp/compsrv/default/04ee8070-d54a-4535-b462-e3946f5f09eb/SAS_work5D21000001EB_sas-compute-server-2b47
      3bef-58e9-4c87-8086-f8861afdcf8a-85/SGPlot10.png에 작성되었습니다.
NOTE: 2317개의 관측값을 데이터셋 WORK.DIST.에서 읽었습니다.

35                                                         SAS 시스템      2026년  9월 18일 금요일 오전 01시 59분 25초


NOTE: 2317개의 관측값을 데이터셋 WORK.SCORES.에서 읽었습니다.
      WHERE split='test';
NOTE: 데이터셋 WORK.VISUAL_ROC에 2317개의 관측값과 23개의 변수가 있습니다.
NOTE: DATA 문장 실행 (총 프로세스 시간):
      실행 시간           0.00 초
      cpu 시간            0.00 초
      

NOTE: Table WORK.VISUAL_ROC_JOINED created, with 2317 rows and 24 columns.

NOTE: 프로시저 SQL 실행 (총 프로세스 시간):
      실행 시간           0.00 초
      cpu 시간            0.02 초
      


NOTE: 2317개의 관측값을 데이터셋 WORK.VISUAL_ROC_JOINED.에서 읽었습니다.
NOTE: 데이터셋 WORK.VISUAL_ROC에 2317개의 관측값과 24개의 변수가 있습니다.
NOTE: DATA 문장 실행 (총 프로세스 시간):
      실행 시간           0.00 초
      cpu 시간            0.00 초
      


NOTE: No explanatory variables have been specified.
NOTE: The NOFIT option is specified.  No parameters are estimated and all other MODEL statement options (except EQUALSLOPES, FIRTH, 
      LINK=, NOINT, OFFSET=, TECHNIQUE=, and UNEQUALSLOPES) are ignored.
NOTE: PROC LOGISTIC is modeling the probability that target='1'.
NOTE: 2317개의 관측값을 데이터셋 WORK.VISUAL_ROC.에서 읽었습니다.
NOTE: LOGISTIC 프로시저가 82-83 페이지를 인쇄했습니다.
NOTE: 프로시저 LOGISTIC 실행 (총 프로세스 시간):
      실행 시간           1.75 초
      cpu 시간            1.03 초
      


NOTE: Unable to open parameter catalog: SASUSER.PARMS.PARMS.SLIST in update mode. Temporary parameter values will be saved to 
WORK.PARMS.PARMS.SLIST.
1609   /**********************************************************************
1610   *   PRODUCT:   SAS
1611   *   VERSION:   V.04.00
1612   *   CREATOR:   External File Interface
1613   *   DATE:      18SEP26
1614   *   DESC:      Generated SAS Datastep Code
1615   *   TEMPLATE SOURCE:  (None Specified.)
1616   ***********************************************************************/
1617      data WORK.ROBUSTNESS    ;
1618      %let _EFIERR_ = 0; /* set the ERROR detection macro variable */
1619      infile '/home/student/github/data/processed/sas/sas_robustness.csv' delimiter = ',' MISSOVER DSD lrecl=32767 firstobs=2 ;
1620         informat model $25. ;
1621         informat variant $18. ;
1622         informat stage $20. ;
1623         informat recall best32. ;
1624         format model $25. ;
1625         format variant $18. ;
1626         format stage $20. ;
1627         format recall best12. ;
36                                                         SAS 시스템      2026년  9월 18일 금요일 오전 01시 59분 27초

1628      input
1629                  model  $
1630                  variant  $
1631                  stage  $
1632                  recall
1633      ;
1634      if _ERROR_ then call symputx('_EFIERR_',1);  /* set ERROR detection macro variable */
1635      run;

NOTE: 입력파일 '/home/student/github/data/processed/sas/sas_robustness.csv':
      파일 이름=/home/student/github/data/processed/sas/sas_robustness.csv,
      소유자 이름=UNKNOWN,그룹 이름=UNKNOWN,
      액세스 권한=-rw-r--r--,
      마지막 수정일=2026년 09월 15일 22시31분25초,
      파일 크기(바이트)=1554

NOTE: 24개의 레코드를 입력파일 '/home/student/github/data/processed/sas/sas_robustness.csv'에서 읽었습니다.
      최소 레코드 길이는 51입니다.
      최대 레코드 길이는 73입니다.
NOTE: 데이터셋 WORK.ROBUSTNESS에 24개의 관측값과 4개의 변수가 있습니다.
NOTE: DATA 문장 실행 (총 프로세스 시간):
      실행 시간           0.00 초
      cpu 시간            0.01 초
      

24 rows created in WORK.ROBUSTNESS from /home/student/github/data/processed/sas/sas_robustness.csv.
  
  
  
NOTE: WORK.ROBUSTNESS 데이터셋을 성공적으로 생성했습니다.
NOTE: 데이터셋 WORK.ROBUSTNESS에 24개의 관측값과 4개의 변수가 있습니다.
NOTE: 프로시저 IMPORT 실행 (총 프로세스 시간):
      실행 시간           0.03 초
      cpu 시간            0.03 초
      


NOTE: 프로시저 SGPANEL 실행 (총 프로세스 시간):
      실행 시간           0.33 초
      cpu 시간            0.12 초
      
NOTE: 이미지 출력 리스팅이 
      /opt/sas/viya/config/var/tmp/compsrv/default/04ee8070-d54a-4535-b462-e3946f5f09eb/SAS_work5D21000001EB_sas-compute-server-2b47
      3bef-58e9-4c87-8086-f8861afdcf8a-85/SGPanel1.png에 작성되었습니다.
NOTE: 24개의 관측값을 데이터셋 WORK.ROBUSTNESS.에서 읽었습니다.

