NOTE: 프로시저 PRINTTO 실행 (총 프로세스 시간):
      실행 시간           0.02 초
      cpu 시간            0.00 초
      

NOTE: SCAMLENS_STAGE=07_composition SAS_VERSION=V.04.00M0P021224 DATE=08SEP2026 TIME=09:11

    SAS (r) Proprietary Software Release V.04.00  TS1M0

 ENCODING=UTF8     Specifies the default character-set encoding for the SAS session.
NOTE: 프로시저 OPTIONS 실행 (총 프로세스 시간):
      실행 시간           0.00 초
      cpu 시간            0.00 초
      

NOTE: HTML Body 파일 기록 중: 07_composition.html

    SAS (r) Proprietary Software Release V.04.00  TS1M0

SAS 옵션 ENCODING에 대한 옵션값 정보
    값: UTF8
    범위: SAS Session
    옵션값 설정 방법: Config File
    Config 파일명:
            /config/saslocale.cfg

NOTE: 프로시저 OPTIONS 실행 (총 프로세스 시간):
      실행 시간           0.00 초
      cpu 시간            0.00 초
      


NOTE: Unable to open parameter catalog: SASUSER.PARMS.PARMS.SLIST in update mode. Temporary parameter values will be saved to 
WORK.PARMS.PARMS.SLIST.
185     /**********************************************************************
186     *   PRODUCT:   SAS
187     *   VERSION:   V.04.00
188     *   CREATOR:   External File Interface
189     *   DATE:      08SEP26
190     *   DESC:      Generated SAS Datastep Code
191     *   TEMPLATE SOURCE:  (None Specified.)
192     ***********************************************************************/
193        data WORK.EXTERNAL    ;
194        %let _EFIERR_ = 0; /* set the ERROR detection macro variable */
195        infile '/home/student/data/processed/sas/sas_external_evaluation.csv' delimiter = ',' MISSOVER DSD lrecl=32767 firstobs=2
195  !  ;
196           informat message_id $25. ;
197           informat collection_year best32. ;
198           informat collection_month ANYDTDTE7. ;
199           informat attack_type_code $15. ;
200           informat attack_type_ko $15. ;
5                                                          SAS 시스템      2026년  9월  8일 화요일 오전 05시 54분 55초

201           informat has_url best32. ;
202           informat text_length best32. ;
203           informat probability best32. ;
204           informat detected best32. ;
205           informat similarity_to_train best32. ;
206           informat novel best32. ;
207           informat year_has_enough_rows best32. ;
208           format message_id $25. ;
209           format collection_year best12. ;
210           format collection_month date7. ;
211           format attack_type_code $15. ;
212           format attack_type_ko $15. ;
213           format has_url best12. ;
214           format text_length best12. ;
215           format probability best12. ;
216           format detected best12. ;
217           format similarity_to_train best12. ;
218           format novel best12. ;
219           format year_has_enough_rows best12. ;
220        input
221                    message_id  $
222                    collection_year
223                    collection_month
224                    attack_type_code  $
225                    attack_type_ko  $
226                    has_url
227                    text_length
228                    probability
229                    detected
230                    similarity_to_train
231                    novel
232                    year_has_enough_rows
233        ;
234        if _ERROR_ then call symputx('_EFIERR_',1);  /* set ERROR detection macro variable */
235        run;

NOTE: 입력파일 '/home/student/data/processed/sas/sas_external_evaluation.csv':
      파일 이름=/home/student/data/processed/sas/sas_external_evaluation.csv,
      소유자 이름=UNKNOWN,그룹 이름=UNKNOWN,
      액세스 권한=-rwxr-xr-x,
      마지막 수정일=2026년 09월 08일 05시18분24초,
      파일 크기(바이트)=480231

NOTE: 5430개의 레코드를 입력파일 '/home/student/data/processed/sas/sas_external_evaluation.csv'에서 읽었습니다.
      최소 레코드 길이는 75입니다.
      최대 레코드 길이는 99입니다.
NOTE: 데이터셋 WORK.EXTERNAL에 5430개의 관측값과 12개의 변수가 있습니다.
NOTE: DATA 문장 실행 (총 프로세스 시간):
      실행 시간           0.01 초
      cpu 시간            0.01 초
      

5430 rows created in WORK.EXTERNAL from /home/student/data/processed/sas/sas_external_evaluation.csv.
  
  
  
NOTE: WORK.EXTERNAL 데이터셋을 성공적으로 생성했습니다.
NOTE: 데이터셋 WORK.EXTERNAL에 5430개의 관측값과 12개의 변수가 있습니다.
6                                                          SAS 시스템      2026년  9월  8일 화요일 오전 05시 54분 55초

NOTE: 프로시저 IMPORT 실행 (총 프로세스 시간):
      실행 시간           1.29 초
      cpu 시간            1.32 초
      

NOTE: 프로시저 SQL 실행 (총 프로세스 시간):
      실행 시간           0.00 초
      cpu 시간            0.01 초
      


NOTE: 5430개의 관측값을 데이터셋 WORK.EXTERNAL.에서 읽었습니다.
NOTE: 데이터셋 WORK.EXT에 5424개의 관측값과 12개의 변수가 있습니다.
NOTE: 데이터셋 WORK.EXCLUDED_SMALL_YEAR에 6개의 관측값과 12개의 변수가 있습니다.
NOTE: DATA 문장 실행 (총 프로세스 시간):
      실행 시간           0.00 초
      cpu 시간            0.00 초
      


NOTE: 5424개의 관측값을 데이터셋 WORK.EXT.에서 읽었습니다.
NOTE: 데이터셋 WORK.DOMINANT에 5239개의 관측값과 12개의 변수가 있습니다.
NOTE: 데이터셋 WORK.EXCLUDED_NON_DOMINANT에 185개의 관측값과 12개의 변수가 있습니다.
NOTE: DATA 문장 실행 (총 프로세스 시간):
      실행 시간           0.00 초
      cpu 시간            0.01 초
      


NOTE: 5430개의 관측값을 데이터셋 WORK.EXTERNAL.에서 읽었습니다.
NOTE: 데이터셋 WORK.FLOW_ROWS에 16284개의 관측값과 13개의 변수가 있습니다.
NOTE: DATA 문장 실행 (총 프로세스 시간):
      실행 시간           0.00 초
      cpu 시간            0.00 초
      

NOTE: Table WORK.SAMPLE_FLOW created, with 5 rows and 3 columns.

NOTE: Table WORK.SAMPLE_FLOW_YEAR created, with 22 rows and 4 columns.

NOTE: Table WORK.CELL_COUNTS created, with 10 rows and 5 columns.

NOTE: 프로시저 SQL 실행 (총 프로세스 시간):
      실행 시간           0.02 초
      cpu 시간            0.02 초
      


NOTE: 5개의 관측값을 데이터셋 WORK.SAMPLE_FLOW.에서 읽었습니다.
NOTE: PRINT 프로시저가 178 페이지를 인쇄했습니다.
NOTE: 프로시저 PRINT 실행 (총 프로세스 시간):
      실행 시간           0.01 초
      cpu 시간            0.01 초
      


NOTE: 22개의 관측값을 데이터셋 WORK.SAMPLE_FLOW_YEAR.에서 읽었습니다.
NOTE: PRINT 프로시저가 179 페이지를 인쇄했습니다.
7                                                          SAS 시스템      2026년  9월  8일 화요일 오전 05시 54분 55초

NOTE: 프로시저 PRINT 실행 (총 프로세스 시간):
      실행 시간           0.01 초
      cpu 시간            0.02 초
      


NOTE: 10개의 관측값을 데이터셋 WORK.CELL_COUNTS.에서 읽었습니다.
NOTE: PRINT 프로시저가 180 페이지를 인쇄했습니다.
NOTE: 프로시저 PRINT 실행 (총 프로세스 시간):
      실행 시간           0.01 초
      cpu 시간            0.01 초
      


NOTE: 5239개의 관측값을 데이터셋 WORK.DOMINANT.에서 읽었습니다.
NOTE: FREQ 프로시저가 181-183 페이지를 인쇄했습니다.
NOTE: 프로시저 FREQ 실행 (총 프로세스 시간):
      실행 시간           0.05 초
      cpu 시간            0.06 초
      


NOTE: 5239개의 관측값을 데이터셋 WORK.DOMINANT.에서 읽었습니다.
NOTE: MEANS 프로시저가 184 페이지를 인쇄했습니다.
NOTE: 프로시저 MEANS 실행 (총 프로세스 시간):
      실행 시간           0.02 초
      cpu 시간            0.02 초
      


NOTE: WORK.EST_YEAR(memtype=DATA)을(를) 삭제하는 중입니다.
NOTE: WORK.FIT_YEAR(memtype=DATA)을(를) 삭제하는 중입니다.
NOTE: WORK.CONV_YEAR(memtype=DATA)을(를) 삭제하는 중입니다.
NOTE: WORK.JOINT_YEAR(memtype=DATA)을(를) 삭제하는 중입니다.
NOTE: WORK.OR_YEAR(memtype=DATA)을(를) 삭제하는 중입니다.
NOTE: WORK.NOBS_YEAR(memtype=DATA)을(를) 삭제하는 중입니다.
NOTE: 프로시저 DATASETS 실행 (총 프로세스 시간):
      실행 시간           0.00 초
      cpu 시간            0.01 초
      


NOTE: PROC LOGISTIC is modeling the probability that detected='1'.
NOTE: Convergence criterion (GCONV=1E-8) satisfied.
NOTE: 데이터셋 WORK.JOINT_YEAR에 1개의 관측값과 4개의 변수가 있습니다.
NOTE: 데이터셋 WORK.NOBS_YEAR에 2개의 관측값과 6개의 변수가 있습니다.
NOTE: 데이터셋 WORK.CONV_YEAR에 1개의 관측값과 3개의 변수가 있습니다.
NOTE: 데이터셋 WORK.FIT_YEAR에 3개의 관측값과 4개의 변수가 있습니다.
NOTE: 데이터셋 WORK.EST_YEAR에 5개의 관측값과 8개의 변수가 있습니다.
NOTE: 5239개의 관측값을 데이터셋 WORK.DOMINANT.에서 읽었습니다.
NOTE: LOGISTIC 프로시저가 185-186 페이지를 인쇄했습니다.
NOTE: 프로시저 LOGISTIC 실행 (총 프로세스 시간):
      실행 시간           0.29 초
      cpu 시간            0.19 초
      

NOTE: 프로시저 SQL 실행 (총 프로세스 시간):
      실행 시간           0.00 초
8                                                          SAS 시스템      2026년  9월  8일 화요일 오전 05시 54분 56초

      cpu 시간            0.00 초
      


NOTE: 5개의 관측값을 데이터셋 WORK.EST_YEAR.에서 읽었습니다.
NOTE: 데이터셋 WORK.OR_YEAR에 5개의 관측값과 12개의 변수가 있습니다.
NOTE: DATA 문장 실행 (총 프로세스 시간):
      실행 시간           0.00 초
      cpu 시간            0.00 초
      


NOTE: 1개의 관측값을 데이터셋 WORK.CONV_YEAR.에서 읽었습니다.
NOTE: PRINT 프로시저가 187 페이지를 인쇄했습니다.
NOTE: 프로시저 PRINT 실행 (총 프로세스 시간):
      실행 시간           0.00 초
      cpu 시간            0.00 초
      


NOTE: 5개의 관측값을 데이터셋 WORK.OR_YEAR.에서 읽었습니다.
NOTE: PRINT 프로시저가 188 페이지를 인쇄했습니다.
NOTE: 프로시저 PRINT 실행 (총 프로세스 시간):
      실행 시간           0.01 초
      cpu 시간            0.02 초
      


NOTE: WORK.EST_SIM(memtype=DATA)을(를) 삭제하는 중입니다.
NOTE: WORK.FIT_SIM(memtype=DATA)을(를) 삭제하는 중입니다.
NOTE: WORK.CONV_SIM(memtype=DATA)을(를) 삭제하는 중입니다.
NOTE: WORK.OR_SIM(memtype=DATA)을(를) 삭제하는 중입니다.
NOTE: WORK.NOBS_SIM(memtype=DATA)을(를) 삭제하는 중입니다.
NOTE: 프로시저 DATASETS 실행 (총 프로세스 시간):
      실행 시간           0.00 초
      cpu 시간            0.00 초
      


NOTE: PROC LOGISTIC is modeling the probability that detected='1'.
NOTE: Convergence criterion (GCONV=1E-8) satisfied.
NOTE: 데이터셋 WORK.NOBS_SIM에 2개의 관측값과 6개의 변수가 있습니다.
NOTE: 데이터셋 WORK.CONV_SIM에 1개의 관측값과 3개의 변수가 있습니다.
NOTE: 데이터셋 WORK.FIT_SIM에 3개의 관측값과 4개의 변수가 있습니다.
NOTE: 데이터셋 WORK.EST_SIM에 2개의 관측값과 7개의 변수가 있습니다.
NOTE: 5239개의 관측값을 데이터셋 WORK.DOMINANT.에서 읽었습니다.
NOTE: LOGISTIC 프로시저가 189-190 페이지를 인쇄했습니다.
NOTE: 프로시저 LOGISTIC 실행 (총 프로세스 시간):
      실행 시간           0.20 초
      cpu 시간            0.12 초
      

NOTE: 프로시저 SQL 실행 (총 프로세스 시간):
      실행 시간           0.00 초
      cpu 시간            0.01 초
      


9                                                          SAS 시스템      2026년  9월  8일 화요일 오전 05시 54분 56초

NOTE: 2개의 관측값을 데이터셋 WORK.EST_SIM.에서 읽었습니다.
NOTE: 데이터셋 WORK.OR_SIM에 2개의 관측값과 11개의 변수가 있습니다.
NOTE: DATA 문장 실행 (총 프로세스 시간):
      실행 시간           0.00 초
      cpu 시간            0.01 초
      


NOTE: 1개의 관측값을 데이터셋 WORK.CONV_SIM.에서 읽었습니다.
NOTE: PRINT 프로시저가 191 페이지를 인쇄했습니다.
NOTE: 프로시저 PRINT 실행 (총 프로세스 시간):
      실행 시간           0.00 초
      cpu 시간            0.00 초
      


NOTE: 2개의 관측값을 데이터셋 WORK.OR_SIM.에서 읽었습니다.
NOTE: PRINT 프로시저가 192 페이지를 인쇄했습니다.
NOTE: 프로시저 PRINT 실행 (총 프로세스 시간):
      실행 시간           0.00 초
      cpu 시간            0.01 초
      


NOTE: WORK.EST_TYPE(memtype=DATA)을(를) 삭제하는 중입니다.
NOTE: WORK.FIT_TYPE(memtype=DATA)을(를) 삭제하는 중입니다.
NOTE: WORK.CONV_TYPE(memtype=DATA)을(를) 삭제하는 중입니다.
NOTE: WORK.JOINT_TYPE(memtype=DATA)을(를) 삭제하는 중입니다.
NOTE: WORK.OR_TYPE(memtype=DATA)을(를) 삭제하는 중입니다.
NOTE: WORK.NOBS_TYPE(memtype=DATA)을(를) 삭제하는 중입니다.
NOTE: 프로시저 DATASETS 실행 (총 프로세스 시간):
      실행 시간           0.00 초
      cpu 시간            0.01 초
      


NOTE: PROC LOGISTIC is modeling the probability that detected='1'.
NOTE: Convergence criterion (GCONV=1E-8) satisfied.
NOTE: 데이터셋 WORK.JOINT_TYPE에 1개의 관측값과 4개의 변수가 있습니다.
NOTE: 데이터셋 WORK.NOBS_TYPE에 2개의 관측값과 6개의 변수가 있습니다.
NOTE: 데이터셋 WORK.CONV_TYPE에 1개의 관측값과 3개의 변수가 있습니다.
NOTE: 데이터셋 WORK.FIT_TYPE에 3개의 관측값과 4개의 변수가 있습니다.
NOTE: 데이터셋 WORK.EST_TYPE에 2개의 관측값과 8개의 변수가 있습니다.
NOTE: 5239개의 관측값을 데이터셋 WORK.DOMINANT.에서 읽었습니다.
NOTE: LOGISTIC 프로시저가 193-194 페이지를 인쇄했습니다.
NOTE: 프로시저 LOGISTIC 실행 (총 프로세스 시간):
      실행 시간           0.21 초
      cpu 시간            0.13 초
      

NOTE: 프로시저 SQL 실행 (총 프로세스 시간):
      실행 시간           0.00 초
      cpu 시간            0.00 초
      


NOTE: 2개의 관측값을 데이터셋 WORK.EST_TYPE.에서 읽었습니다.
NOTE: 데이터셋 WORK.OR_TYPE에 2개의 관측값과 12개의 변수가 있습니다.
10                                                         SAS 시스템      2026년  9월  8일 화요일 오전 05시 54분 56초

NOTE: DATA 문장 실행 (총 프로세스 시간):
      실행 시간           0.00 초
      cpu 시간            0.00 초
      


NOTE: 1개의 관측값을 데이터셋 WORK.CONV_TYPE.에서 읽었습니다.
NOTE: PRINT 프로시저가 195 페이지를 인쇄했습니다.
NOTE: 프로시저 PRINT 실행 (총 프로세스 시간):
      실행 시간           0.00 초
      cpu 시간            0.01 초
      


NOTE: 2개의 관측값을 데이터셋 WORK.OR_TYPE.에서 읽었습니다.
NOTE: PRINT 프로시저가 196 페이지를 인쇄했습니다.
NOTE: 프로시저 PRINT 실행 (총 프로세스 시간):
      실행 시간           0.01 초
      cpu 시간            0.01 초
      


NOTE: WORK.EST_MAIN(memtype=DATA)을(를) 삭제하는 중입니다.
NOTE: WORK.FIT_MAIN(memtype=DATA)을(를) 삭제하는 중입니다.
NOTE: WORK.CONV_MAIN(memtype=DATA)을(를) 삭제하는 중입니다.
NOTE: WORK.JOINT_MAIN(memtype=DATA)을(를) 삭제하는 중입니다.
NOTE: WORK.OR_MAIN(memtype=DATA)을(를) 삭제하는 중입니다.
NOTE: WORK.NOBS_MAIN(memtype=DATA)을(를) 삭제하는 중입니다.
NOTE: 프로시저 DATASETS 실행 (총 프로세스 시간):
      실행 시간           0.00 초
      cpu 시간            0.01 초
      


NOTE: PROC LOGISTIC is modeling the probability that detected='1'.
NOTE: Convergence criterion (GCONV=1E-8) satisfied.
NOTE: 데이터셋 WORK.JOINT_MAIN에 2개의 관측값과 4개의 변수가 있습니다.
NOTE: 데이터셋 WORK.NOBS_MAIN에 2개의 관측값과 6개의 변수가 있습니다.
NOTE: 데이터셋 WORK.CONV_MAIN에 1개의 관측값과 3개의 변수가 있습니다.
NOTE: 데이터셋 WORK.FIT_MAIN에 3개의 관측값과 4개의 변수가 있습니다.
NOTE: 데이터셋 WORK.EST_MAIN에 3개의 관측값과 8개의 변수가 있습니다.
NOTE: 5239개의 관측값을 데이터셋 WORK.DOMINANT.에서 읽었습니다.
NOTE: LOGISTIC 프로시저가 197-198 페이지를 인쇄했습니다.
NOTE: 프로시저 LOGISTIC 실행 (총 프로세스 시간):
      실행 시간           0.21 초
      cpu 시간            0.14 초
      

NOTE: 프로시저 SQL 실행 (총 프로세스 시간):
      실행 시간           0.00 초
      cpu 시간            0.00 초
      


NOTE: 3개의 관측값을 데이터셋 WORK.EST_MAIN.에서 읽었습니다.
NOTE: 데이터셋 WORK.OR_MAIN에 3개의 관측값과 12개의 변수가 있습니다.
NOTE: DATA 문장 실행 (총 프로세스 시간):
      실행 시간           0.00 초
11                                                         SAS 시스템      2026년  9월  8일 화요일 오전 05시 54분 56초

      cpu 시간            0.00 초
      


NOTE: 1개의 관측값을 데이터셋 WORK.CONV_MAIN.에서 읽었습니다.
NOTE: PRINT 프로시저가 199 페이지를 인쇄했습니다.
NOTE: 프로시저 PRINT 실행 (총 프로세스 시간):
      실행 시간           0.00 초
      cpu 시간            0.00 초
      


NOTE: 3개의 관측값을 데이터셋 WORK.OR_MAIN.에서 읽었습니다.
NOTE: PRINT 프로시저가 200 페이지를 인쇄했습니다.
NOTE: 프로시저 PRINT 실행 (총 프로세스 시간):
      실행 시간           0.01 초
      cpu 시간            0.02 초
      


NOTE: WORK.EST_FULL(memtype=DATA)을(를) 삭제하는 중입니다.
NOTE: WORK.FIT_FULL(memtype=DATA)을(를) 삭제하는 중입니다.
NOTE: WORK.CONV_FULL(memtype=DATA)을(를) 삭제하는 중입니다.
NOTE: WORK.JOINT_FULL(memtype=DATA)을(를) 삭제하는 중입니다.
NOTE: WORK.OR_FULL(memtype=DATA)을(를) 삭제하는 중입니다.
NOTE: WORK.NOBS_FULL(memtype=DATA)을(를) 삭제하는 중입니다.
NOTE: 프로시저 DATASETS 실행 (총 프로세스 시간):
      실행 시간           0.00 초
      cpu 시간            0.00 초
      


NOTE: PROC LOGISTIC is modeling the probability that detected='1'.
NOTE: Convergence criterion (GCONV=1E-8) satisfied.
NOTE: 데이터셋 WORK.JOINT_FULL에 3개의 관측값과 4개의 변수가 있습니다.
NOTE: 데이터셋 WORK.NOBS_FULL에 2개의 관측값과 6개의 변수가 있습니다.
NOTE: 데이터셋 WORK.CONV_FULL에 1개의 관측값과 3개의 변수가 있습니다.
NOTE: 데이터셋 WORK.FIT_FULL에 3개의 관측값과 4개의 변수가 있습니다.
NOTE: 데이터셋 WORK.EST_FULL에 7개의 관측값과 8개의 변수가 있습니다.
NOTE: 5239개의 관측값을 데이터셋 WORK.DOMINANT.에서 읽었습니다.
NOTE: LOGISTIC 프로시저가 201-202 페이지를 인쇄했습니다.
NOTE: 프로시저 LOGISTIC 실행 (총 프로세스 시간):
      실행 시간           0.23 초
      cpu 시간            0.15 초
      

NOTE: 프로시저 SQL 실행 (총 프로세스 시간):
      실행 시간           0.00 초
      cpu 시간            0.00 초
      


NOTE: 7개의 관측값을 데이터셋 WORK.EST_FULL.에서 읽었습니다.
NOTE: 데이터셋 WORK.OR_FULL에 7개의 관측값과 12개의 변수가 있습니다.
NOTE: DATA 문장 실행 (총 프로세스 시간):
      실행 시간           0.00 초
      cpu 시간            0.00 초
      
12                                                         SAS 시스템      2026년  9월  8일 화요일 오전 05시 54분 57초



NOTE: 1개의 관측값을 데이터셋 WORK.CONV_FULL.에서 읽었습니다.
NOTE: PRINT 프로시저가 203 페이지를 인쇄했습니다.
NOTE: 프로시저 PRINT 실행 (총 프로세스 시간):
      실행 시간           0.00 초
      cpu 시간            0.01 초
      


NOTE: 7개의 관측값을 데이터셋 WORK.OR_FULL.에서 읽었습니다.
NOTE: PRINT 프로시저가 204 페이지를 인쇄했습니다.
NOTE: 프로시저 PRINT 실행 (총 프로세스 시간):
      실행 시간           0.01 초
      cpu 시간            0.01 초
      


NOTE: WORK.EST_YEAR_TYPE(memtype=DATA)을(를) 삭제하는 중입니다.
NOTE: WORK.FIT_YEAR_TYPE(memtype=DATA)을(를) 삭제하는 중입니다.
NOTE: WORK.CONV_YEAR_TYPE(memtype=DATA)을(를) 삭제하는 중입니다.
NOTE: WORK.JOINT_YEAR_TYPE(memtype=DATA)을(를) 삭제하는 중입니다.
NOTE: WORK.OR_YEAR_TYPE(memtype=DATA)을(를) 삭제하는 중입니다.
NOTE: WORK.NOBS_YEAR_TYPE(memtype=DATA)을(를) 삭제하는 중입니다.
NOTE: 프로시저 DATASETS 실행 (총 프로세스 시간):
      실행 시간           0.00 초
      cpu 시간            0.00 초
      


NOTE: PROC LOGISTIC is modeling the probability that detected='1'.
NOTE: Convergence criterion (GCONV=1E-8) satisfied.
NOTE: Under full-rank parameterizations, Type 3 effect tests are replaced by joint tests. The joint test for an effect is a test 
      that all the parameters associated with that effect are zero. Such joint tests might not be equivalent to Type 3 effect tests 
      under GLM parameterization.
NOTE: The CLODDS= option does not compute odds ratios for effects involved in interactions or nestings.
      Specify the ODDSRATIO statement to compute odds ratios for these effects.
NOTE: 데이터셋 WORK.JOINT_YEAR_TYPE에 4개의 관측값과 4개의 변수가 있습니다.
NOTE: 데이터셋 WORK.NOBS_YEAR_TYPE에 2개의 관측값과 6개의 변수가 있습니다.
NOTE: 데이터셋 WORK.CONV_YEAR_TYPE에 1개의 관측값과 3개의 변수가 있습니다.
NOTE: 데이터셋 WORK.FIT_YEAR_TYPE에 3개의 관측값과 4개의 변수가 있습니다.
NOTE: 데이터셋 WORK.EST_YEAR_TYPE에 11개의 관측값과 9개의 변수가 있습니다.
NOTE: 5239개의 관측값을 데이터셋 WORK.DOMINANT.에서 읽었습니다.
NOTE: LOGISTIC 프로시저가 205-207 페이지를 인쇄했습니다.
NOTE: 프로시저 LOGISTIC 실행 (총 프로세스 시간):
      실행 시간           0.23 초
      cpu 시간            0.15 초
      

NOTE: 프로시저 SQL 실행 (총 프로세스 시간):
      실행 시간           0.00 초
      cpu 시간            0.01 초
      


NOTE: 11개의 관측값을 데이터셋 WORK.EST_YEAR_TYPE.에서 읽었습니다.
NOTE: 데이터셋 WORK.OR_YEAR_TYPE에 11개의 관측값과 13개의 변수가 있습니다.
NOTE: DATA 문장 실행 (총 프로세스 시간):
13                                                         SAS 시스템      2026년  9월  8일 화요일 오전 05시 54분 57초

      실행 시간           0.00 초
      cpu 시간            0.00 초
      


NOTE: 1개의 관측값을 데이터셋 WORK.CONV_YEAR_TYPE.에서 읽었습니다.
NOTE: PRINT 프로시저가 208 페이지를 인쇄했습니다.
NOTE: 프로시저 PRINT 실행 (총 프로세스 시간):
      실행 시간           0.00 초
      cpu 시간            0.01 초
      


NOTE: 11개의 관측값을 데이터셋 WORK.OR_YEAR_TYPE.에서 읽었습니다.
NOTE: PRINT 프로시저가 209 페이지를 인쇄했습니다.
NOTE: 프로시저 PRINT 실행 (총 프로세스 시간):
      실행 시간           0.02 초
      cpu 시간            0.02 초
      


NOTE: WORK.LR_YEAR_TYPE(memtype=DATA)을(를) 삭제하는 중입니다.
NOTE: 프로시저 DATASETS 실행 (총 프로세스 시간):
      실행 시간           0.00 초
      cpu 시간            0.01 초
      

NOTE: 프로시저 SQL 실행 (총 프로세스 시간):
      실행 시간           0.00 초
      cpu 시간            0.00 초
      


NOTE: 1개의 관측값을 데이터셋 WORK.FIT_FULL.에서 읽었습니다.
      WHERE Criterion='-2 Log L';
NOTE: 1개의 관측값을 데이터셋 WORK.FIT_YEAR_TYPE.에서 읽었습니다.
      WHERE Criterion='-2 Log L';
NOTE: 데이터셋 WORK.LR_YEAR_TYPE에 1개의 관측값과 10개의 변수가 있습니다.
NOTE: DATA 문장 실행 (총 프로세스 시간):
      실행 시간           0.00 초
      cpu 시간            0.00 초
      


NOTE: 1개의 관측값을 데이터셋 WORK.LR_YEAR_TYPE.에서 읽었습니다.
NOTE: PRINT 프로시저가 210 페이지를 인쇄했습니다.
NOTE: 프로시저 PRINT 실행 (총 프로세스 시간):
      실행 시간           0.00 초
      cpu 시간            0.01 초
      


NOTE: WORK.LR_YEAR_ADDITIVE(memtype=DATA)을(를) 삭제하는 중입니다.
NOTE: 프로시저 DATASETS 실행 (총 프로세스 시간):
      실행 시간           0.00 초
      cpu 시간            0.00 초
      

14                                                         SAS 시스템      2026년  9월  8일 화요일 오전 05시 54분 57초

NOTE: 프로시저 SQL 실행 (총 프로세스 시간):
      실행 시간           0.00 초
      cpu 시간            0.01 초
      


NOTE: 1개의 관측값을 데이터셋 WORK.FIT_MAIN.에서 읽었습니다.
      WHERE Criterion='-2 Log L';
NOTE: 1개의 관측값을 데이터셋 WORK.FIT_FULL.에서 읽었습니다.
      WHERE Criterion='-2 Log L';
NOTE: 데이터셋 WORK.LR_YEAR_ADDITIVE에 1개의 관측값과 10개의 변수가 있습니다.
NOTE: DATA 문장 실행 (총 프로세스 시간):
      실행 시간           0.00 초
      cpu 시간            0.00 초
      


NOTE: 1개의 관측값을 데이터셋 WORK.LR_YEAR_ADDITIVE.에서 읽었습니다.
NOTE: PRINT 프로시저가 211 페이지를 인쇄했습니다.
NOTE: 프로시저 PRINT 실행 (총 프로세스 시간):
      실행 시간           0.00 초
      cpu 시간            0.01 초
      


NOTE: WORK.EST_INTER(memtype=DATA)을(를) 삭제하는 중입니다.
NOTE: WORK.FIT_INTER(memtype=DATA)을(를) 삭제하는 중입니다.
NOTE: WORK.CONV_INTER(memtype=DATA)을(를) 삭제하는 중입니다.
NOTE: WORK.JOINT_INTER(memtype=DATA)을(를) 삭제하는 중입니다.
NOTE: WORK.OR_INTER(memtype=DATA)을(를) 삭제하는 중입니다.
NOTE: WORK.NOBS_INTER(memtype=DATA)을(를) 삭제하는 중입니다.
NOTE: 프로시저 DATASETS 실행 (총 프로세스 시간):
      실행 시간           0.00 초
      cpu 시간            0.01 초
      


NOTE: PROC LOGISTIC is modeling the probability that detected='1'.
NOTE: Convergence criterion (GCONV=1E-8) satisfied.
NOTE: Under full-rank parameterizations, Type 3 effect tests are replaced by joint tests. The joint test for an effect is a test 
      that all the parameters associated with that effect are zero. Such joint tests might not be equivalent to Type 3 effect tests 
      under GLM parameterization.
NOTE: The CLODDS= option does not compute odds ratios for effects involved in interactions or nestings.
      Specify the ODDSRATIO statement to compute odds ratios for these effects.
WARNING: Some plots have more than 5000 observations and are suppressed.  Specify the PLOTS(MAXPOINTS=NONE) option in the PROC 
         LOGISTIC statement to display the plots.
NOTE: 데이터셋 WORK.JOINT_INTER에 3개의 관측값과 4개의 변수가 있습니다.
NOTE: 데이터셋 WORK.NOBS_INTER에 2개의 관측값과 6개의 변수가 있습니다.
NOTE: 데이터셋 WORK.CONV_INTER에 1개의 관측값과 3개의 변수가 있습니다.
NOTE: 데이터셋 WORK.FIT_INTER에 3개의 관측값과 4개의 변수가 있습니다.
NOTE: 데이터셋 WORK.EST_INTER에 4개의 관측값과 8개의 변수가 있습니다.
NOTE: 5239개의 관측값을 데이터셋 WORK.DOMINANT.에서 읽었습니다.
NOTE: 데이터셋 WORK.PRED_INTER에 5239개의 관측값과 14개의 변수가 있습니다.
NOTE: LOGISTIC 프로시저가 212-213 페이지를 인쇄했습니다.
NOTE: 프로시저 LOGISTIC 실행 (총 프로세스 시간):
      실행 시간           0.76 초
      cpu 시간            0.44 초
      
15                                                         SAS 시스템      2026년  9월  8일 화요일 오전 05시 54분 58초


NOTE: 프로시저 SQL 실행 (총 프로세스 시간):
      실행 시간           0.00 초
      cpu 시간            0.00 초
      


NOTE: 4개의 관측값을 데이터셋 WORK.EST_INTER.에서 읽었습니다.
NOTE: 데이터셋 WORK.OR_INTER에 4개의 관측값과 12개의 변수가 있습니다.
NOTE: DATA 문장 실행 (총 프로세스 시간):
      실행 시간           0.00 초
      cpu 시간            0.00 초
      


NOTE: 1개의 관측값을 데이터셋 WORK.CONV_INTER.에서 읽었습니다.
NOTE: PRINT 프로시저가 214 페이지를 인쇄했습니다.
NOTE: 프로시저 PRINT 실행 (총 프로세스 시간):
      실행 시간           0.00 초
      cpu 시간            0.01 초
      


NOTE: 4개의 관측값을 데이터셋 WORK.OR_INTER.에서 읽었습니다.
NOTE: PRINT 프로시저가 215 페이지를 인쇄했습니다.
NOTE: 프로시저 PRINT 실행 (총 프로세스 시간):
      실행 시간           0.01 초
      cpu 시간            0.02 초
      


NOTE: WORK.EST_INTER_YEAR(memtype=DATA)을(를) 삭제하는 중입니다.
NOTE: WORK.FIT_INTER_YEAR(memtype=DATA)을(를) 삭제하는 중입니다.
NOTE: WORK.CONV_INTER_YEAR(memtype=DATA)을(를) 삭제하는 중입니다.
NOTE: WORK.JOINT_INTER_YEAR(memtype=DATA)을(를) 삭제하는 중입니다.
NOTE: WORK.OR_INTER_YEAR(memtype=DATA)을(를) 삭제하는 중입니다.
NOTE: WORK.NOBS_INTER_YEAR(memtype=DATA)을(를) 삭제하는 중입니다.
NOTE: 프로시저 DATASETS 실행 (총 프로세스 시간):
      실행 시간           0.00 초
      cpu 시간            0.01 초
      


NOTE: PROC LOGISTIC is modeling the probability that detected='1'.
NOTE: Convergence criterion (GCONV=1E-8) satisfied.
NOTE: Under full-rank parameterizations, Type 3 effect tests are replaced by joint tests. The joint test for an effect is a test 
      that all the parameters associated with that effect are zero. Such joint tests might not be equivalent to Type 3 effect tests 
      under GLM parameterization.
NOTE: The CLODDS= option does not compute odds ratios for effects involved in interactions or nestings.
      Specify the ODDSRATIO statement to compute odds ratios for these effects.
NOTE: 데이터셋 WORK.JOINT_INTER_YEAR에 4개의 관측값과 4개의 변수가 있습니다.
NOTE: 데이터셋 WORK.NOBS_INTER_YEAR에 2개의 관측값과 6개의 변수가 있습니다.
NOTE: 데이터셋 WORK.CONV_INTER_YEAR에 1개의 관측값과 3개의 변수가 있습니다.
NOTE: 데이터셋 WORK.FIT_INTER_YEAR에 3개의 관측값과 4개의 변수가 있습니다.
NOTE: 데이터셋 WORK.EST_INTER_YEAR에 8개의 관측값과 8개의 변수가 있습니다.
NOTE: 5239개의 관측값을 데이터셋 WORK.DOMINANT.에서 읽었습니다.
NOTE: LOGISTIC 프로시저가 216-217 페이지를 인쇄했습니다.
NOTE: 프로시저 LOGISTIC 실행 (총 프로세스 시간):
16                                                         SAS 시스템      2026년  9월  8일 화요일 오전 05시 54분 58초

      실행 시간           0.24 초
      cpu 시간            0.16 초
      

NOTE: 프로시저 SQL 실행 (총 프로세스 시간):
      실행 시간           0.00 초
      cpu 시간            0.00 초
      


NOTE: 8개의 관측값을 데이터셋 WORK.EST_INTER_YEAR.에서 읽었습니다.
NOTE: 데이터셋 WORK.OR_INTER_YEAR에 8개의 관측값과 12개의 변수가 있습니다.
NOTE: DATA 문장 실행 (총 프로세스 시간):
      실행 시간           0.00 초
      cpu 시간            0.00 초
      


NOTE: 1개의 관측값을 데이터셋 WORK.CONV_INTER_YEAR.에서 읽었습니다.
NOTE: PRINT 프로시저가 218 페이지를 인쇄했습니다.
NOTE: 프로시저 PRINT 실행 (총 프로세스 시간):
      실행 시간           0.00 초
      cpu 시간            0.01 초
      


NOTE: 8개의 관측값을 데이터셋 WORK.OR_INTER_YEAR.에서 읽었습니다.
NOTE: PRINT 프로시저가 219 페이지를 인쇄했습니다.
NOTE: 프로시저 PRINT 실행 (총 프로세스 시간):
      실행 시간           0.01 초
      cpu 시간            0.02 초
      


NOTE: WORK.LR_INTERACTION(memtype=DATA)을(를) 삭제하는 중입니다.
NOTE: 프로시저 DATASETS 실행 (총 프로세스 시간):
      실행 시간           0.00 초
      cpu 시간            0.00 초
      

NOTE: 프로시저 SQL 실행 (총 프로세스 시간):
      실행 시간           0.00 초
      cpu 시간            0.00 초
      


NOTE: 1개의 관측값을 데이터셋 WORK.FIT_MAIN.에서 읽었습니다.
      WHERE Criterion='-2 Log L';
NOTE: 1개의 관측값을 데이터셋 WORK.FIT_INTER.에서 읽었습니다.
      WHERE Criterion='-2 Log L';
NOTE: 데이터셋 WORK.LR_INTERACTION에 1개의 관측값과 10개의 변수가 있습니다.
NOTE: DATA 문장 실행 (총 프로세스 시간):
      실행 시간           0.00 초
      cpu 시간            0.01 초
      


NOTE: 1개의 관측값을 데이터셋 WORK.LR_INTERACTION.에서 읽었습니다.
17                                                         SAS 시스템      2026년  9월  8일 화요일 오전 05시 54분 58초

NOTE: PRINT 프로시저가 220 페이지를 인쇄했습니다.
NOTE: 프로시저 PRINT 실행 (총 프로세스 시간):
      실행 시간           0.00 초
      cpu 시간            0.01 초
      


NOTE: WORK.LR_JOINT_YEAR(memtype=DATA)을(를) 삭제하는 중입니다.
NOTE: 프로시저 DATASETS 실행 (총 프로세스 시간):
      실행 시간           0.00 초
      cpu 시간            0.01 초
      

NOTE: 프로시저 SQL 실행 (총 프로세스 시간):
      실행 시간           0.00 초
      cpu 시간            0.00 초
      


NOTE: 1개의 관측값을 데이터셋 WORK.FIT_INTER.에서 읽었습니다.
      WHERE Criterion='-2 Log L';
NOTE: 1개의 관측값을 데이터셋 WORK.FIT_INTER_YEAR.에서 읽었습니다.
      WHERE Criterion='-2 Log L';
NOTE: 데이터셋 WORK.LR_JOINT_YEAR에 1개의 관측값과 10개의 변수가 있습니다.
NOTE: DATA 문장 실행 (총 프로세스 시간):
      실행 시간           0.00 초
      cpu 시간            0.00 초
      


NOTE: 1개의 관측값을 데이터셋 WORK.LR_JOINT_YEAR.에서 읽었습니다.
NOTE: PRINT 프로시저가 221 페이지를 인쇄했습니다.
NOTE: 프로시저 PRINT 실행 (총 프로세스 시간):
      실행 시간           0.00 초
      cpu 시간            0.01 초
      


NOTE: WORK.LR_INTERACTION_ADJUSTED_YEAR(memtype=DATA)을(를) 삭제하는 중입니다.
NOTE: 프로시저 DATASETS 실행 (총 프로세스 시간):
      실행 시간           0.00 초
      cpu 시간            0.00 초
      

NOTE: 프로시저 SQL 실행 (총 프로세스 시간):
      실행 시간           0.00 초
      cpu 시간            0.01 초
      


NOTE: 1개의 관측값을 데이터셋 WORK.FIT_FULL.에서 읽었습니다.
      WHERE Criterion='-2 Log L';
NOTE: 1개의 관측값을 데이터셋 WORK.FIT_INTER_YEAR.에서 읽었습니다.
      WHERE Criterion='-2 Log L';
NOTE: 데이터셋 WORK.LR_INTERACTION_ADJUSTED_YEAR에 1개의 관측값과 10개의 변수가 있습니다.
NOTE: DATA 문장 실행 (총 프로세스 시간):
      실행 시간           0.00 초
      cpu 시간            0.00 초
18                                                         SAS 시스템      2026년  9월  8일 화요일 오전 05시 54분 58초

      


NOTE: 1개의 관측값을 데이터셋 WORK.LR_INTERACTION_ADJUSTED_YEAR.에서 읽었습니다.
NOTE: PRINT 프로시저가 222 페이지를 인쇄했습니다.
NOTE: 프로시저 PRINT 실행 (총 프로세스 시간):
      실행 시간           0.01 초
      cpu 시간            0.01 초
      


NOTE: 4개의 관측값을 데이터셋 WORK.JOINT_INTER_YEAR.에서 읽었습니다.
NOTE: PRINT 프로시저가 223 페이지를 인쇄했습니다.
NOTE: 프로시저 PRINT 실행 (총 프로세스 시간):
      실행 시간           0.00 초
      cpu 시간            0.01 초
      


NOTE: 5239개의 관측값을 데이터셋 WORK.DOMINANT.에서 읽었습니다.
NOTE: 데이터셋 WORK.BINNED에 5239개의 관측값과 14개의 변수가 있습니다.
NOTE: DATA 문장 실행 (총 프로세스 시간):
      실행 시간           0.00 초
      cpu 시간            0.01 초
      

NOTE: Table WORK.STRATIFIED created, with 8 rows and 6 columns.

NOTE: 프로시저 SQL 실행 (총 프로세스 시간):
      실행 시간           0.00 초
      cpu 시간            0.00 초
      


NOTE: 8개의 관측값을 데이터셋 WORK.STRATIFIED.에서 읽었습니다.
NOTE: 데이터셋 WORK.STRATIFIED_CI에 8개의 관측값과 13개의 변수가 있습니다.
NOTE: DATA 문장 실행 (총 프로세스 시간):
      실행 시간           0.00 초
      cpu 시간            0.01 초
      


NOTE: 8개의 관측값을 데이터셋 WORK.STRATIFIED_CI.에서 읽었습니다.
NOTE: PRINT 프로시저가 224 페이지를 인쇄했습니다.
NOTE: 프로시저 PRINT 실행 (총 프로세스 시간):
      실행 시간           0.01 초
      cpu 시간            0.01 초
      


NOTE: 프로시저 SGPLOT 실행 (총 프로세스 시간):
      실행 시간           0.15 초
      cpu 시간            0.07 초
      
NOTE: 이미지 출력 리스팅이 
      /opt/sas/viya/config/var/tmp/compsrv/default/ebfb9ca5-c84f-434b-88de-5808ebce51e4/SAS_work88D8000001E6_sas-compute-server-f664
      ad37-e572-4b11-888b-b441bbd9e7bb-86/SGPlot15.png에 작성되었습니다.
NOTE: 8개의 관측값을 데이터셋 WORK.STRATIFIED_CI.에서 읽었습니다.
19                                                         SAS 시스템      2026년  9월  8일 화요일 오전 05시 54분 58초



NOTE: 5239개의 관측값을 데이터셋 WORK.PRED_INTER.에서 읽었습니다.
NOTE: 데이터셋 WORK.PRED_BINNED에 5239개의 관측값과 15개의 변수가 있습니다.
NOTE: DATA 문장 실행 (총 프로세스 시간):
      실행 시간           0.00 초
      cpu 시간            0.00 초
      


NOTE: 5239개의 관측값을 데이터셋 WORK.PRED_BINNED.에서 읽었습니다.
NOTE: MEANS 프로시저가 225 페이지를 인쇄했습니다.
NOTE: 프로시저 MEANS 실행 (총 프로세스 시간):
      실행 시간           0.03 초
      cpu 시간            0.04 초
      

NOTE: Table WORK.TYPE_COUNTS created, with 10 rows and 2 columns.

NOTE: Table WORK.WITH_RARE created, with 5424 rows and 14 columns.

NOTE: 프로시저 SQL 실행 (총 프로세스 시간):
      실행 시간           0.01 초
      cpu 시간            0.02 초
      


NOTE: 5424개의 관측값을 데이터셋 WORK.WITH_RARE.에서 읽었습니다.
NOTE: FREQ 프로시저가 226 페이지를 인쇄했습니다.
NOTE: 프로시저 FREQ 실행 (총 프로세스 시간):
      실행 시간           0.02 초
      cpu 시간            0.02 초
      


NOTE: WORK.EST_RARE(memtype=DATA)을(를) 삭제하는 중입니다.
NOTE: WORK.FIT_RARE(memtype=DATA)을(를) 삭제하는 중입니다.
NOTE: WORK.CONV_RARE(memtype=DATA)을(를) 삭제하는 중입니다.
NOTE: WORK.JOINT_RARE(memtype=DATA)을(를) 삭제하는 중입니다.
NOTE: WORK.OR_RARE(memtype=DATA)을(를) 삭제하는 중입니다.
NOTE: WORK.NOBS_RARE(memtype=DATA)을(를) 삭제하는 중입니다.
NOTE: 프로시저 DATASETS 실행 (총 프로세스 시간):
      실행 시간           0.00 초
      cpu 시간            0.01 초
      


NOTE: PROC LOGISTIC is modeling the probability that detected='1'.
NOTE: Convergence criterion (GCONV=1E-8) satisfied.
NOTE: 데이터셋 WORK.JOINT_RARE에 3개의 관측값과 4개의 변수가 있습니다.
NOTE: 데이터셋 WORK.NOBS_RARE에 2개의 관측값과 6개의 변수가 있습니다.
NOTE: 데이터셋 WORK.CONV_RARE에 1개의 관측값과 3개의 변수가 있습니다.
NOTE: 데이터셋 WORK.FIT_RARE에 3개의 관측값과 4개의 변수가 있습니다.
NOTE: 데이터셋 WORK.EST_RARE에 9개의 관측값과 8개의 변수가 있습니다.
NOTE: 5424개의 관측값을 데이터셋 WORK.WITH_RARE.에서 읽었습니다.
NOTE: LOGISTIC 프로시저가 227-228 페이지를 인쇄했습니다.
NOTE: 프로시저 LOGISTIC 실행 (총 프로세스 시간):
      실행 시간           0.26 초
20                                                         SAS 시스템      2026년  9월  8일 화요일 오전 05시 54분 59초

      cpu 시간            0.17 초
      

NOTE: 프로시저 SQL 실행 (총 프로세스 시간):
      실행 시간           0.00 초
      cpu 시간            0.01 초
      


NOTE: 9개의 관측값을 데이터셋 WORK.EST_RARE.에서 읽었습니다.
NOTE: 데이터셋 WORK.OR_RARE에 9개의 관측값과 12개의 변수가 있습니다.
NOTE: DATA 문장 실행 (총 프로세스 시간):
      실행 시간           0.00 초
      cpu 시간            0.00 초
      


NOTE: 1개의 관측값을 데이터셋 WORK.CONV_RARE.에서 읽었습니다.
NOTE: PRINT 프로시저가 229 페이지를 인쇄했습니다.
NOTE: 프로시저 PRINT 실행 (총 프로세스 시간):
      실행 시간           0.00 초
      cpu 시간            0.01 초
      


NOTE: 9개의 관측값을 데이터셋 WORK.OR_RARE.에서 읽었습니다.
NOTE: PRINT 프로시저가 230 페이지를 인쇄했습니다.
NOTE: 프로시저 PRINT 실행 (총 프로세스 시간):
      실행 시간           0.02 초
      cpu 시간            0.03 초
      

NOTE: 07 끝. 출력 생성은 통계 해석 또는 SAS 실행 검수 완료를 뜻하지 않습니다.
NOTE: 표본흐름·입력 해시·수렴·분리 경고·계수·OR CI·LR을 Python 산출물과 대조하십시오.
NOTE: p값 비유의성은 효과 부재나 인과 결론이 아닙니다. 미탐 수와 제외 표본을 함께 제시하십시오.
