NOTE: 프로시저 PRINTTO 실행 (총 프로세스 시간):
      실행 시간           0.00 초
      cpu 시간            0.00 초
      
127                                                        SAS 시스템      2026년  9월 14일 월요일 오전 03시 51분 02초


NOTE: SCAMLENS_STAGE=10_reviewer_a_oof SAS_VERSION=V.04.00M0P021224 DATE=14SEP2026 TIME=06:38

    SAS (r) Proprietary Software Release V.04.00  TS1M0

 ENCODING=UTF8     Specifies the default character-set encoding for the SAS session.
NOTE: 프로시저 OPTIONS 실행 (총 프로세스 시간):
      실행 시간           0.00 초
      cpu 시간            0.00 초
      

NOTE: HTML Body 파일 기록 중: 10_reviewer_a_oof.html

    SAS (r) Proprietary Software Release V.04.00  TS1M0

SAS 옵션 ENCODING에 대한 옵션값 정보
    값: UTF8
    범위: SAS Session
    옵션값 설정 방법: Config File
    Config 파일명:
            /config/saslocale.cfg

NOTE: 프로시저 OPTIONS 실행 (총 프로세스 시간):
      실행 시간           0.00 초
      cpu 시간            0.00 초
      


NOTE: 입력파일 "/home/student/github/data/processed/sas/sas_reviewer_a_oof_20260912.csv":
      파일 이름=/home/student/github/data/processed/sas/sas_reviewer_a_oof_20260912.csv,
      소유자 이름=UNKNOWN,그룹 이름=UNKNOWN,
      액세스 권한=-rw-r--r--,
      마지막 수정일=2026년 09월 14일 02시54분10초,
      파일 크기(바이트)=909205

NOTE: 5540개의 레코드를 입력파일 "/home/student/github/data/processed/sas/sas_reviewer_a_oof_20260912.csv"에서 
      읽었습니다.
      최소 레코드 길이는 148입니다.
      최대 레코드 길이는 178입니다.
NOTE: 데이터셋 WORK.REVIEW_A_OOF에 5540개의 관측값과 11개의 변수가 있습니다.
NOTE: DATA 문장 실행 (총 프로세스 시간):
      실행 시간           0.01 초
      cpu 시간            0.01 초
      

NOTE: 프로시저 SQL 실행 (총 프로세스 시간):
      실행 시간           0.00 초
      cpu 시간            0.00 초
      


NOTE: 5540개의 관측값을 데이터셋 WORK.REVIEW_A_OOF.에서 읽었습니다.
NOTE: 데이터셋 WORK.REVIEW_A_OOF에 5540개의 관측값과 11개의 변수가 있습니다.
NOTE: 프로시저 SORT 실행 (총 프로세스 시간):
      실행 시간           0.00 초
      cpu 시간            0.00 초
      

128                                                        SAS 시스템      2026년  9월 14일 월요일 오전 03시 51분 02초


NOTE: 694개의 관측값을 데이터셋 WORK.REVIEW_A_OOF.에서 읽었습니다.
      WHERE (arm='C') and (role='development_readout') and (original_label='smishing');
NOTE: FREQ 프로시저가 498-502 페이지를 인쇄했습니다.
NOTE: 프로시저 FREQ 실행 (총 프로세스 시간):
      실행 시간           0.08 초
      cpu 시간            0.08 초
      


NOTE: 662개의 관측값을 데이터셋 WORK.REVIEW_A_OOF.에서 읽었습니다.
      WHERE (arm='C') and (role='development_readout') and (original_label='normal');
NOTE: FREQ 프로시저가 503-507 페이지를 인쇄했습니다.
NOTE: 프로시저 FREQ 실행 (총 프로세스 시간):
      실행 시간           0.08 초
      cpu 시간            0.08 초
      

NOTE: 10은 저장 점수와 A 판단의 기술 교차만 산출한다. 임계값과 원 라벨은 변경하지 않는다.
